158:../build/test/lib/luarocks/rocks-5.4/santoku-cli/0.0.22-1/bin/toku
0 0 12 12 12 12 12 12 12 12 0 36 12 12 0 12 12 0 36 12 12 12 0 36 12 12 12 0 24 12 12 0 36 12 12 12 0 12 12 0 24 0 36 12 12 12 0 36 12 12 12 0 36 12 12 12 0 24 12 12 0 36 12 12 12 0 36 12 12 12 0 12 12 0 24 12 12 0 12 0 0 0 0 0 0 0 0 0 0 0 12 0 0 0 0 0 0 0 0 0 0 0 12 0 0 0 0 0 0 0 0 0 0 0 0 0 0 0 0 0 0 0 0 12 0 0 0 0 0 0 0 12 0 24 0 12 0 0 0 0 0 0 0 0 0 0 0 0 12 0 12 12 0 0 0 0 0 12 
2100:/home/user/git/lua-santoku-web/build/test/share/lua/5.4/argparse.lua
0 0 0 0 0 0 0 0 0 0 0 0 0 0 0 0 0 0 0 0 0 0 0 3492 2340 828 0 0 2340 1152 0 1152 12 0 0 0 0 0 0 72 72 0 72 24 0 48 0 0 72 48 0 0 828 780 0 0 900 648 0 0 900 780 0 780 48 0 48 0 0 0 444 0 0 0 0 0 0 444 0 876 876 0 0 0 432 0 432 432 0 444 0 0 444 96 0 0 0 72 72 0 72 0 0 276 276 276 72 0 72 12 0 0 996 996 900 0 0 0 0 12 0 0 600 852 12 0 12 252 0 624 372 372 372 0 372 0 0 252 0 0 252 12 0 12 0 0 0 0 0 0 0 0 0 0 12 0 0 300 204 0 0 96 24 0 0 72 0 0 0 72 12 0 0 60 60 60 0 0 0 0 0 0 12 0 0 36 300 0 300 0 300 0 0 0 300 336 12 0 12 0 12 48 0 48 0 0 60 0 12 0 12 0 12 0 0 0 0 0 12 0 12 48 0 48 0 0 0 0 48 144 48 48 0 0 48 0 48 0 0 0 48 48 0 0 48 0 60 0 24 12 12 12 12 12 12 12 12 12 12 12 12 12 12 12 12 12 12 12 12 12 12 12 12 0 12 0 24 12 12 12 12 12 12 12 12 12 12 12 12 12 12 12 12 12 12 12 12 12 12 12 0 12 0 24 12 12 12 12 12 12 12 12 12 12 12 12 12 12 12 12 12 12 12 12 0 12 0 24 12 12 12 12 12 12 12 12 12 12 12 12 12 12 12 12 12 12 12 12 12 0 12 0 12 0 0 0 0 0 0 0 0 0 0 0 0 0 0 0 12 0 12 0 0 0 0 0 0 0 0 0 0 0 0 0 0 0 0 0 0 0 0 0 0 0 0 0 0 0 0 12 0 12 0 0 0 0 0 0 0 0 0 12 0 12 0 12 0 12 0 12 0 12 12 24 0 12 0 0 0 12 0 12 0 0 0 0 0 0 12 0 12 0 0 0 0 0 0 0 0 0 12 0 12 36 0 36 36 24 0 12 12 0 0 0 0 0 0 0 0 36 24 0 0 36 0 0 0 36 12 0 0 36 12 0 0 12 0 0 0 0 0 0 0 12 0 12 0 12 0 12 0 0 0 0 0 12 0 12 0 0 0 0 0 12 0 0 12 0 0 0 0 0 12 0 12 0 0 0 0 0 0 0 0 0 0 0 0 0 0 0 0 0 0 0 0 0 0 0 0 0 0 0 12 0 12 0 12 0 12 0 0 0 0 0 0 0 0 0 12 0 12 0 12 0 12 0 0 0 0 0 0 0 0 0 12 0 12 12 12 0 12 24 0 48 48 24 24 0 24 0 24 24 12 0 12 0 12 0 12 0 0 0 0 0 0 0 0 0 0 0 0 0 0 12 0 12 48 0 84 36 48 0 216 504 336 168 48 0 48 12 0 12 12 12 12 12 0 12 168 168 168 12 0 12 72 12 0 12 36 36 36 36 12 0 12 12 0 36 24 24 12 0 12 12 12 0 12 0 0 0 0 0 0 0 0 0 0 0 0 12 0 12 0 12 0 0 0 0 0 0 0 0 0 0 0 0 0 0 0 0 0 0 0 0 0 0 0 0 0 0 0 0 0 0 0 0 0 0 0 0 0 0 0 0 0 0 0 0 0 0 0 0 0 0 0 0 0 0 0 0 0 0 0 0 0 0 0 0 0 0 0 0 0 0 0 0 0 0 0 0 0 0 0 0 0 0 0 0 0 0 0 0 0 0 0 0 0 0 0 0 0 0 0 0 0 0 0 0 0 0 0 0 0 0 0 0 0 0 0 0 0 0 0 0 0 0 0 0 0 0 0 0 0 0 0 12 0 0 0 0 0 0 0 0 0 0 0 0 0 0 0 0 0 12 0 0 0 0 0 0 0 0 0 0 0 0 0 0 0 0 0 0 0 0 0 0 0 0 0 0 0 0 0 0 0 0 0 0 0 0 0 0 0 0 0 0 0 0 0 0 0 0 0 0 0 0 0 0 0 0 0 12 0 0 0 0 0 0 0 0 0 0 0 0 0 0 0 0 12 0 12 0 0 0 0 0 0 0 0 0 0 0 0 0 0 0 0 0 0 0 0 0 0 0 0 0 0 0 0 0 0 0 0 0 0 0 0 0 0 0 0 0 0 0 0 0 0 0 0 0 12 0 0 0 0 0 0 0 0 0 12 0 12 0 0 0 0 0 0 0 0 0 0 0 0 12 0 12 0 0 0 0 0 0 0 0 0 0 0 0 0 0 0 0 0 0 0 0 0 0 0 0 0 0 0 0 0 0 0 0 0 0 0 0 0 0 0 0 0 0 0 0 0 0 0 0 0 0 0 0 0 0 0 0 0 0 0 0 0 0 0 0 0 0 0 0 0 0 0 0 0 0 12 0 12 0 0 0 0 0 0 0 0 0 0 0 0 0 0 0 0 0 0 0 0 0 0 0 0 0 0 0 0 0 0 0 0 0 0 0 0 0 12 0 12 0 0 0 0 0 0 0 0 0 0 0 0 0 0 0 0 0 0 0 0 0 0 0 0 0 0 0 0 0 0 0 0 0 0 0 0 0 0 0 0 12 0 12 0 0 0 0 0 0 0 0 0 0 0 0 0 0 0 0 0 0 0 0 0 0 0 12 0 12 0 0 0 0 0 0 0 0 0 0 0 0 0 0 0 0 0 0 0 0 0 0 0 0 12 0 0 0 12 0 0 0 0 12 0 12 0 0 0 0 0 0 0 12 0 12 0 0 0 0 0 0 0 12 0 12 0 0 0 0 0 0 0 0 0 0 0 0 0 0 0 0 0 0 0 0 0 12 0 12 0 0 0 0 0 0 0 0 0 0 0 0 0 0 0 0 0 0 0 0 0 0 0 12 0 12 0 0 0 0 0 0 0 0 0 0 0 0 0 0 0 0 0 0 0 0 0 12 0 12 0 0 0 0 0 0 0 0 0 0 0 0 0 0 0 0 0 0 0 0 0 0 0 0 0 0 0 0 0 0 0 12 0 12 0 0 0 0 0 0 0 0 0 0 0 0 0 0 0 0 0 0 0 0 0 0 0 0 0 0 0 0 0 0 0 0 0 0 0 0 0 0 0 0 0 0 0 0 0 0 0 0 0 0 0 0 0 0 0 0 0 0 0 0 0 0 0 0 0 0 0 12 0 12 0 0 0 0 0 0 0 0 0 0 0 0 0 0 0 0 0 12 0 12 0 0 0 0 0 0 0 0 0 0 0 0 0 0 0 0 12 0 12 0 0 0 0 0 0 0 0 0 0 0 0 0 0 0 0 0 0 0 12 0 0 0 12 0 12 0 0 0 0 0 0 0 0 0 0 0 0 0 0 0 0 0 12 0 12 0 0 0 0 0 0 0 0 0 0 0 0 0 0 0 0 0 0 0 0 0 0 0 0 0 0 0 0 0 0 0 0 0 0 0 0 0 0 0 0 0 0 0 0 0 0 0 0 0 0 0 0 0 0 0 12 0 12 0 0 0 0 0 0 0 0 0 0 0 0 0 0 0 0 0 0 0 0 0 0 0 0 0 0 0 0 0 12 0 0 0 0 0 0 0 0 0 0 0 0 0 0 0 0 0 0 0 0 0 0 0 0 0 0 0 0 0 0 0 0 0 0 0 0 0 0 0 0 0 0 0 0 0 0 0 0 0 0 12 0 24 12 0 0 12 36 36 36 36 36 36 12 0 12 0 12 0 12 12 0 12 0 0 0 0 0 0 0 0 0 0 0 0 0 0 0 0 0 12 12 0 12 24 12 0 0 0 0 0 0 0 0 0 0 12 0 12 12 24 0 12 12 12 0 12 0 0 0 0 0 0 0 12 0 0 12 0 12 0 0 0 12 12 0 12 12 0 0 0 0 0 0 0 0 0 24 0 12 12 12 12 0 12 0 0 0 12 12 0 12 0 0 0 12 0 12 12 12 0 12 0 0 0 0 0 0 0 0 0 0 0 0 0 0 0 12 0 12 0 12 0 0 0 0 0 0 12 0 0 12 0 24 0 24 12 12 12 12 12 12 12 0 0 12 12 12 12 12 12 12 0 12 0 12 0 12 24 0 24 0 0 0 48 24 24 0 72 48 24 24 0 24 0 0 0 0 0 0 0 24 0 36 12 12 12 12 24 0 24 24 24 0 60 72 36 36 24 36 0 12 0 0 0 0 0 0 0 12 0 12 12 0 12 0 0 0 0 0 0 12 0 12 0 12 12 0 0 0 0 0 0 0 0 0 0 24 0 12 0 0 0 0 0 0 0 12 0 12 24 0 0 0 24 12 0 12 0 0 0 0 12 12 0 12 0 0 0 12 0 36 0 12 12 0 0 0 24 0 12 12 0 24 12 12 0 0 12 0 0 0 12 0 0 0 36 24 0 24 24 0 0 0 0 0 0 24 0 24 0 0 0 0 0 0 0 0 0 0 0 12 0 12 0 0 24 0 12 36 24 0 24 24 0 24 0 0 0 0 0 0 0 0 0 0 0 0 0 0 0 0 0 0 0 0 0 0 0 0 0 0 0 0 0 0 0 0 0 0 0 0 0 0 0 0 0 0 0 0 0 0 24 24 0 12 0 12 12 12 0 12 0 0 12 0 0 12 0 12 12 12 0 12 12 12 0 0 0 12 0 12 0 0 0 0 0 0 0 0 0 0 0 0 0 0 0 0 12 0 12 0 12 0 24 12 12 0 12 
70:/home/user/git/lua-santoku-web/build/test/share/lua/5.4/luassert/array.lua
8 8 0 0 0 0 0 0 0 0 0 0 0 0 0 8 0 0 0 0 0 0 0 8 0 0 0 0 0 0 0 0 0 0 0 0 0 0 0 0 0 0 0 0 0 0 0 0 0 0 0 0 0 0 8 0 0 16 0 8 16 0 8 0 0 16 8 8 0 8 
180:/home/user/git/lua-santoku-web/build/test/share/lua/5.4/luassert/assert.lua
8 8 8 8 8 8 0 0 8 0 0 0 0 0 0 0 0 0 0 0 0 8 0 8 0 0 0 0 0 0 0 0 0 0 0 0 0 0 0 0 0 0 0 0 0 0 0 0 0 0 0 0 0 0 0 0 0 0 0 0 0 0 0 0 0 0 0 0 0 8 0 0 0 0 0 0 0 8 0 0 8 8 0 0 0 472 472 24 0 472 472 472 472 472 472 480 0 0 0 0 0 0 0 0 8 0 0 0 0 80 88 0 0 0 0 8 0 0 0 0 0 0 0 0 0 0 0 0 0 0 8 0 0 32 40 0 0 0 8 0 0 0 8 0 0 0 8 0 0 0 0 0 8 0 0 0 0 0 0 0 8 8 0 8 0 0 0 0 0 0 0 8 0 0 0 8 0 0 0 8 
334:/home/user/git/lua-santoku-web/build/test/share/lua/5.4/luassert/assertions.lua
0 0 0 0 0 0 0 0 8 8 8 8 0 0 0 8 0 0 0 0 0 8 0 0 0 0 0 0 0 0 0 0 0 0 0 0 0 0 0 0 0 0 0 0 0 0 0 0 0 0 8 0 0 0 0 0 0 0 0 0 0 0 0 0 0 0 0 0 0 0 8 0 0 0 0 0 0 0 0 0 0 0 0 0 0 0 0 0 0 0 0 0 0 0 0 0 0 0 0 0 0 0 0 0 0 0 0 0 0 8 0 0 0 0 0 0 0 0 0 0 8 0 0 0 0 0 0 0 0 0 0 0 0 0 0 0 0 0 0 0 0 8 0 0 0 0 0 0 8 0 0 0 0 0 8 0 0 0 0 0 0 0 0 0 0 0 0 0 0 0 0 0 0 0 0 0 0 0 0 0 0 0 0 0 0 0 0 0 0 0 0 0 0 0 0 8 0 0 0 0 0 0 0 0 0 0 0 0 0 0 0 0 0 0 0 0 0 0 0 0 0 0 0 0 0 0 0 0 0 0 0 0 0 0 0 0 0 0 0 0 0 0 0 0 0 0 0 0 0 0 0 0 0 0 0 0 0 0 0 0 0 8 0 0 0 0 0 8 0 0 0 0 0 8 0 0 0 0 0 0 0 8 0 0 0 0 0 0 0 0 0 8 0 0 0 8 0 8 8 8 8 8 8 8 8 0 8 8 8 8 8 8 8 8 8 8 8 8 0 8 8 8 8 8 8 8 8 8 8 8 8 8 8 8 
48:/home/user/git/lua-santoku-web/build/test/share/lua/5.4/luassert/languages/en.lua
8 0 8 0 8 8 0 8 8 0 8 8 0 8 8 0 8 8 0 8 8 0 8 8 0 8 8 0 8 8 0 8 8 8 8 0 8 8 0 8 8 0 8 8 0 0 8 8 
79:/home/user/git/lua-santoku-web/build/test/share/lua/5.4/luassert/match.lua
8 8 0 8 0 0 8 0 0 8 0 0 0 0 0 0 0 0 0 0 0 0 0 0 0 0 0 0 0 0 0 0 0 0 0 0 0 0 0 0 0 0 0 0 0 0 8 0 0 0 0 0 0 0 8 0 0 8 8 0 8 0 0 0 8 0 0 0 0 8 0 0 8 0 0 8 0 0 8 
61:/home/user/git/lua-santoku-web/build/test/share/lua/5.4/luassert/matchers/composite.lua
8 8 8 0 0 0 0 0 0 0 0 0 0 0 0 0 0 0 0 0 8 0 0 0 0 0 0 0 0 0 0 0 0 0 0 0 0 0 8 0 0 0 0 0 0 0 0 0 0 0 0 0 0 0 0 0 8 0 8 8 8 
173:/home/user/git/lua-santoku-web/build/test/share/lua/5.4/luassert/matchers/core.lua
0 0 0 0 0 0 0 0 8 8 8 8 0 0 0 8 0 0 0 0 0 0 0 0 0 0 0 0 0 0 0 0 0 0 0 0 8 0 0 0 0 0 0 0 0 0 0 0 0 0 0 0 0 8 0 0 0 0 0 0 0 0 0 0 0 0 0 0 0 0 0 0 0 0 0 8 0 0 0 0 0 0 0 0 8 0 0 0 0 0 0 0 0 0 0 0 0 8 0 0 0 0 0 0 0 0 0 0 0 8 0 0 0 0 0 8 0 0 0 0 0 8 0 0 0 0 0 8 0 0 0 0 0 0 8 0 0 0 0 0 8 0 8 8 8 8 8 8 8 8 0 8 8 0 8 8 8 8 8 8 8 8 0 8 8 8 8 8 8 8 8 8 8 
19:/home/user/git/lua-santoku-web/build/test/share/lua/5.4/luassert/modifiers.lua
0 8 0 0 0 8 0 0 0 0 8 0 8 8 8 8 8 8 8 
2:/home/user/git/lua-santoku-web/build/test/share/lua/5.4/luassert/namespaces.lua
0 8 
127:/home/user/git/lua-santoku-web/build/test/share/lua/5.4/luassert/state.lua
0 0 0 8 0 0 8 0 0 8 0 8 0 0 8 0 0 8 0 0 0 0 0 0 0 0 0 0 0 0 0 0 0 0 0 0 0 0 0 0 0 0 0 0 0 0 0 0 8 0 0 0 0 0 16 8 8 8 8 8 8 8 8 8 8 0 0 0 0 80 88 0 0 0 0 0 0 0 0 0 0 0 0 0 8 0 0 0 0 0 0 0 0 0 0 0 0 8 0 0 0 0 32 32 40 0 0 0 0 0 0 0 0 0 0 0 0 8 0 0 0 0 8 0 8 0 8 
362:/home/user/git/lua-santoku-web/build/test/share/lua/5.4/luassert/util.lua
8 8 0 0 8 8 8 8 8 0 0 8 0 0 0 0 0 0 0 0 0 0 0 0 0 0 0 0 0 0 0 0 0 0 0 0 0 0 0 0 0 0 0 0 0 0 0 0 0 0 0 0 0 0 0 0 0 0 0 0 0 0 0 0 0 8 0 8 0 0 0 0 0 0 0 8 0 8 0 0 0 0 0 0 0 0 0 0 0 0 0 0 0 0 0 0 8 0 0 0 0 0 8 0 0 0 0 0 0 0 0 8 0 0 0 0 0 8 0 0 0 0 8 0 0 0 0 0 0 0 0 0 0 0 0 0 0 0 0 0 0 0 0 0 0 0 0 0 0 0 0 0 0 0 0 0 0 0 0 0 0 0 8 0 0 0 0 0 0 0 8 0 0 0 0 0 0 0 0 0 0 0 0 0 8 0 0 0 0 0 0 8 0 0 0 0 0 0 0 0 0 8 0 0 0 0 0 0 0 0 0 8 0 0 0 0 0 0 0 0 0 0 0 0 0 0 0 0 0 0 0 0 0 0 0 0 0 8 0 0 0 0 0 0 0 8 0 0 0 0 0 0 0 0 0 0 0 0 0 0 0 0 0 0 0 8 0 0 0 0 0 0 0 8 0 8 0 0 0 0 0 0 0 8 0 8 0 0 0 0 0 0 8 0 0 0 0 0 0 0 0 0 0 0 8 0 0 0 0 0 0 8 0 0 0 0 0 0 0 0 0 0 0 0 0 0 0 0 0 0 0 0 0 0 0 0 0 0 0 0 0 0 0 0 8 0 0 0 0 8 0 0 0 8 0 0 0 8 0 8 0 8 
161:/home/user/git/lua-santoku-web/build/test/share/lua/5.4/santoku/bundle.lua
12 12 12 12 12 12 0 12 0 0 0 0 0 0 0 0 0 12 0 0 0 0 0 0 0 0 0 0 0 0 0 0 0 0 0 0 0 0 0 0 0 0 0 0 0 12 0 0 0 0 0 0 0 0 0 0 0 0 0 0 12 0 0 0 0 0 0 0 0 0 0 0 12 0 0 0 0 0 0 0 0 0 0 0 0 0 0 0 0 0 0 0 0 0 0 0 0 0 0 0 0 0 0 0 0 0 0 0 0 0 0 0 0 0 0 0 0 0 0 0 0 0 0 0 0 0 0 0 0 0 0 0 0 0 0 0 0 0 0 0 0 0 0 0 0 0 0 0 0 0 0 0 0 0 12 0 24 12 0 0 12 
83:/home/user/git/lua-santoku-web/build/test/share/lua/5.4/santoku/co.lua
0 0 0 0 0 0 0 0 0 0 0 0 0 0 0 0 0 0 0 0 12 12 12 12 12 12 12 12 0 0 0 24 24 24 24 0 0 24 0 0 0 0 0 0 0 24 0 0 24 12 12 12 0 0 0 24 0 24 48 24 24 24 0 24 24 24 0 24 0 0 0 0 0 0 24 0 24 12 24 0 24 0 12 
95:/home/user/git/lua-santoku-web/build/test/share/lua/5.4/santoku/compat.lua
0 0 0 0 0 0 0 12 0 0 0 12 0 0 0 0 0 0 0 0 0 0 0 0 0 0 0 0 12 0 12 12 12 0 12 0 0 0 0 0 0 12 0 0 0 12 0 12 0 0 96 12 0 0 36 0 24 36 12 0 0 624 624 0 0 0 0 0 0 12 0 0 24 0 0 0 0 0 0 0 0 0 0 0 0 24 24 0 0 24 0 0 12 0 12 
27:/home/user/git/lua-santoku-web/build/test/share/lua/5.4/santoku/env.lua
12 0 12 0 0 0 0 0 0 0 0 0 0 0 0 0 0 0 0 0 0 0 0 0 12 0 12 
175:/home/user/git/lua-santoku-web/build/test/share/lua/5.4/santoku/err.lua
12 12 0 0 0 0 0 0 0 0 0 0 0 0 0 0 0 0 0 0 0 0 0 0 0 0 0 0 0 0 0 0 0 0 0 0 0 0 0 0 0 0 0 0 0 0 0 0 0 0 0 0 0 0 0 0 0 0 0 0 0 0 12 0 0 0 12 0 0 12 12 0 0 24 24 0 0 24 0 0 0 0 0 0 24 0 0 0 0 0 0 0 0 0 0 0 0 24 0 0 0 0 0 0 24 0 0 0 0 0 0 0 0 0 0 0 24 0 72 60 0 12 0 24 0 48 0 72 24 0 12 0 0 0 0 0 0 0 0 0 0 24 0 12 24 48 24 24 24 24 0 24 24 24 0 12 12 0 0 0 0 0 0 12 12 0 0 0 0 0 0 0 12 0 12 
353:/home/user/git/lua-santoku-web/build/test/share/lua/5.4/santoku/fs.lua
0 0 0 12 0 12 12 12 12 12 12 0 12 0 0 0 0 0 0 0 0 0 0 0 0 0 0 12 0 0 0 0 0 0 0 0 0 12 0 0 0 12 12 0 0 12 0 12 0 0 0 0 0 0 0 0 0 12 0 0 0 0 0 0 0 0 0 0 12 0 0 36 36 36 0 0 0 12 0 0 0 0 0 0 36 36 36 72 36 36 0 0 72 120 48 48 48 0 48 24 24 24 24 0 0 0 0 0 0 0 0 24 0 0 108 0 36 12 0 0 0 0 0 0 0 0 0 0 0 0 0 0 0 12 0 0 0 12 12 12 0 0 0 0 24 12 48 12 12 0 0 0 0 0 0 0 0 0 0 0 0 0 0 0 12 0 0 0 0 0 0 12 12 12 12 0 0 0 0 0 0 0 0 12 0 0 0 0 0 0 0 0 0 12 0 0 48 12 0 0 48 48 144 48 48 96 0 0 48 48 48 48 12 0 0 0 12 0 0 0 0 0 0 0 0 0 0 0 0 0 0 0 0 12 0 0 0 0 0 0 0 0 0 0 0 0 0 12 0 0 0 24 24 24 24 0 0 24 24 24 0 12 0 0 0 0 0 0 0 0 12 0 0 0 0 0 0 0 0 12 0 0 0 0 0 0 0 0 12 0 0 0 0 0 0 0 0 0 0 0 0 0 0 0 0 0 0 0 0 12 0 0 0 0 0 0 0 0 0 0 0 0 0 0 0 0 0 0 0 0 0 12 0 0 24 24 0 0 24 0 12 0 0 0 0 0 0 0 0 0 12 0 12 
99:/home/user/git/lua-santoku-web/build/test/share/lua/5.4/santoku/fun.lua
12 12 0 12 0 0 0 0 0 0 0 0 0 0 0 0 0 0 0 0 0 12 0 0 0 0 0 0 12 0 0 0 0 0 0 12 0 12 0 0 0 0 0 0 0 0 0 0 12 0 0 0 0 0 0 0 0 0 0 12 0 12 0 0 0 0 0 12 0 12 24 12 12 0 12 12 12 0 0 12 0 0 0 0 0 0 0 12 12 0 0 0 0 0 0 0 12 0 12 
487:/home/user/git/lua-santoku-web/build/test/share/lua/5.4/santoku/gen.lua
0 0 0 0 0 0 0 0 0 0 0 0 0 0 0 0 0 0 0 0 0 0 0 0 0 0 0 0 0 0 0 0 0 0 12 12 12 12 12 12 12 0 12 0 0 0 384 0 0 384 12 0 0 156 0 156 156 0 0 0 12 0 0 0 0 0 0 0 0 0 156 156 156 312 0 156 156 156 156 156 156 0 12 0 0 36 72 36 0 0 36 0 120 120 120 0 0 0 0 0 36 12 0 0 0 0 0 0 0 0 0 0 0 0 0 0 0 0 12 0 0 0 0 12 0 0 156 156 156 156 0 0 0 0 156 0 12 0 0 12 24 12 12 0 12 12 0 0 0 0 0 0 0 0 12 0 0 0 0 0 0 0 0 0 12 0 0 0 0 12 0 0 0 0 12 0 0 12 12 12 0 0 0 0 12 0 0 0 0 0 0 0 0 0 0 12 0 0 36 36 72 72 48 36 36 12 0 0 0 0 0 0 0 0 0 0 0 0 0 0 0 0 0 12 0 0 24 24 24 48 48 72 48 0 48 24 12 0 0 0 12 0 0 0 0 0 0 12 0 0 0 0 0 0 12 0 0 0 0 0 0 0 0 0 0 0 0 0 0 12 0 0 0 12 0 0 12 24 24 12 12 12 12 0 0 0 0 0 0 0 0 0 0 0 0 0 0 0 0 0 0 12 0 0 0 0 12 0 0 0 0 0 0 0 0 0 0 0 0 0 0 12 0 0 0 0 0 0 0 0 0 0 12 0 0 0 0 12 0 0 0 0 0 0 0 0 12 0 0 0 0 0 0 0 0 0 0 12 0 0 0 12 0 0 0 0 0 0 0 0 12 0 0 0 0 0 0 12 0 0 0 0 0 0 0 0 0 0 12 0 0 0 0 0 0 0 0 0 12 0 0 0 0 0 0 0 0 0 0 0 0 0 0 0 0 0 0 0 0 0 12 0 0 0 0 0 0 0 0 0 0 0 0 0 0 0 0 0 0 0 0 0 0 0 0 0 0 0 0 0 0 0 0 0 12 0 0 0 0 0 0 0 0 0 12 0 0 0 0 0 0 0 0 0 0 0 0 0 0 12 0 12 0 24 0 36 12 
76:/home/user/git/lua-santoku-web/build/test/share/lua/5.4/santoku/inherit.lua
0 0 0 0 0 0 12 0 0 0 0 0 0 12 0 0 0 0 0 0 0 0 0 0 0 0 0 0 12 0 0 0 0 0 0 0 0 0 0 0 12 0 0 0 0 0 0 0 0 0 0 12 0 0 0 0 0 0 0 12 0 0 0 0 0 0 0 0 0 0 0 0 0 12 0 12 
41:/home/user/git/lua-santoku-web/build/test/share/lua/5.4/santoku/op.lua
0 12 12 0 12 0 0 0 12 12 12 12 12 12 12 12 12 12 12 12 12 12 12 12 12 12 0 0 0 0 0 0 0 12 0 0 0 0 12 0 12 
219:/home/user/git/lua-santoku-web/build/test/share/lua/5.4/santoku/string.lua
0 0 0 0 0 0 0 0 0 12 12 0 0 0 0 0 12 0 0 0 0 0 0 0 0 0 0 0 0 0 0 0 0 0 0 0 0 0 0 12 0 0 0 0 0 0 0 0 0 0 0 0 0 0 0 0 0 0 0 0 0 0 0 0 0 0 0 0 0 0 0 0 0 0 0 0 0 0 0 0 0 0 0 0 0 0 0 0 0 0 0 0 0 12 0 0 0 48 12 0 0 0 0 12 0 0 0 12 0 0 0 12 0 0 0 0 0 0 0 0 0 0 0 0 0 0 0 0 0 0 12 0 0 0 0 0 0 0 0 12 0 0 0 0 0 0 0 0 0 0 0 0 0 0 0 0 0 0 0 0 0 0 0 0 0 0 0 0 12 0 0 0 0 0 0 0 12 0 0 24 24 0 0 0 12 0 0 0 0 0 0 0 12 0 0 0 0 0 0 0 0 0 0 0 0 0 0 0 0 0 0 0 0 0 0 0 12 0 12 
57:/home/user/git/lua-santoku-web/build/test/share/lua/5.4/santoku/system.lua
12 12 0 12 0 0 0 0 0 0 0 0 12 0 0 0 0 0 0 0 0 0 0 0 0 0 12 0 0 0 0 0 0 0 0 12 0 0 0 0 0 0 0 0 0 12 0 0 0 0 0 0 0 0 12 0 12 
174:/home/user/git/lua-santoku-web/build/test/share/lua/5.4/santoku/table.lua
0 0 0 0 0 0 0 0 0 0 0 0 0 0 0 12 0 12 0 0 0 0 0 0 0 12 0 0 0 0 12 0 0 0 12 0 0 0 0 0 0 0 0 0 0 0 0 0 0 0 12 0 0 0 0 0 0 0 0 0 0 0 0 0 0 0 0 0 0 0 0 12 0 0 0 0 0 0 0 0 0 0 12 0 0 0 0 0 12 0 0 0 0 0 0 12 0 0 0 0 0 0 0 0 0 0 0 0 0 0 12 0 0 0 0 0 0 0 0 0 0 0 0 0 0 0 0 0 12 0 0 12 0 0 0 0 0 0 0 0 12 0 0 0 0 0 0 0 0 12 0 0 0 0 0 0 0 0 0 0 0 0 0 0 0 0 0 12 0 24 12 0 0 12 
266:/home/user/git/lua-santoku-web/build/test/share/lua/5.4/santoku/template.lua
0 0 0 0 0 0 0 0 0 0 0 0 0 0 12 12 12 12 12 12 12 0 12 0 12 12 12 0 12 12 0 0 0 12 0 0 0 0 0 0 0 0 0 0 0 0 0 0 0 0 0 0 12 0 0 0 0 0 0 0 0 0 0 0 0 0 0 0 0 12 0 0 0 0 0 0 0 0 0 0 0 0 0 0 0 0 0 0 0 0 0 0 0 0 0 0 0 0 0 0 0 0 0 0 0 0 0 0 0 0 0 0 0 0 0 0 0 0 0 0 0 0 0 0 0 0 0 0 0 0 0 0 0 0 0 0 0 0 0 0 0 0 0 0 0 0 0 0 0 0 0 0 0 0 0 0 0 0 0 0 0 0 0 0 0 0 0 0 0 0 0 0 0 0 0 0 0 0 0 0 0 0 0 0 0 0 0 0 0 0 0 0 0 0 0 0 0 12 0 0 0 0 0 0 12 0 0 0 0 0 0 0 0 0 0 0 0 0 0 0 0 0 0 0 0 0 12 0 0 0 0 0 0 0 0 0 0 0 0 0 0 0 0 0 0 0 0 0 0 0 0 0 0 0 0 0 0 0 0 0 12 0 24 0 0 12 
53:/home/user/git/lua-santoku-web/build/test/share/lua/5.4/santoku/test.lua
0 0 0 0 12 12 12 12 12 0 12 0 0 0 0 0 0 0 0 0 0 0 0 0 0 0 12 0 0 24 60 12 12 12 0 0 0 12 12 12 24 12 12 24 24 24 12 12 0 24 0 0 12 
60:/home/user/git/lua-santoku-web/build/test/share/lua/5.4/santoku/tuple.lua
12 0 12 0 0 816 0 552 516 0 300 0 420 300 0 12 0 0 0 0 0 0 0 0 0 0 0 0 0 0 0 0 0 0 0 0 0 0 0 0 0 12 0 0 516 12 0 0 0 0 0 0 0 0 12 0 24 0 516 12 
421:/home/user/git/lua-santoku-web/build/test/share/lua/5.4/santoku/vector.lua
0 0 0 0 0 0 0 0 0 0 0 0 0 0 0 0 0 0 0 0 0 0 0 12 12 12 12 0 12 0 0 0 132 0 0 132 12 0 0 0 84 84 84 168 84 0 12 0 0 0 0 0 0 12 0 0 0 0 0 0 12 0 0 84 12 0 0 12 12 12 12 12 12 12 0 0 0 0 0 0 0 12 0 0 0 0 0 0 0 0 0 0 0 0 0 0 12 0 0 0 0 0 0 0 0 0 0 0 0 0 0 0 0 0 12 0 12 0 0 0 0 0 0 0 0 0 12 0 0 0 0 12 0 0 0 0 0 0 0 12 0 0 0 0 0 12 0 0 0 0 0 12 0 0 0 0 12 0 0 0 0 0 0 0 0 0 12 0 0 0 0 0 0 0 0 0 0 0 0 0 0 0 0 0 0 0 0 0 0 12 0 0 0 0 0 0 0 0 12 0 0 0 0 0 0 0 0 12 0 0 0 0 0 0 0 0 0 0 0 0 12 0 0 0 0 0 0 0 12 0 0 0 0 0 0 0 0 0 0 0 12 0 0 12 12 12 24 12 0 12 12 12 0 0 12 12 12 0 0 0 0 12 0 0 0 0 12 0 0 0 0 0 0 0 12 0 0 0 0 0 0 0 0 12 0 0 48 48 48 48 48 0 48 48 48 0 96 48 0 48 12 0 0 48 48 48 48 0 48 144 96 0 0 0 0 0 0 96 0 0 0 0 0 96 0 48 0 0 48 12 0 0 0 0 0 0 0 0 0 0 0 0 0 0 0 0 0 0 0 0 0 0 0 0 0 0 0 0 0 0 0 0 0 0 0 0 0 0 0 0 0 12 0 0 0 0 0 0 12 0 0 0 0 0 0 0 0 0 0 0 0 0 0 0 0 0 0 0 0 0 0 12 0 0 0 0 0 0 0 0 0 0 0 0 12 0 24 12 0 84 12 
255:/usr/share/lua/5.4/luassert/formatters/init.lua
0 8 8 8 0 8 8 8 8 8 8 0 0 0 0 16 8 8 0 0 0 0 0 0 8 8 0 0 0 0 0 0 8 0 0 0 0 0 0 0 0 0 0 0 0 0 0 0 0 0 0 0 0 0 0 0 0 8 0 0 0 0 0 8 0 0 0 0 0 8 0 0 0 0 0 8 0 8 8 8 8 8 8 8 8 0 0 0 0 8 0 0 0 0 0 0 0 0 0 0 0 0 0 0 0 0 0 0 0 0 0 0 0 0 0 0 0 0 0 0 8 0 0 0 0 0 0 0 0 0 0 0 0 0 0 0 0 0 0 0 0 0 0 0 0 0 0 0 0 0 0 0 0 0 0 0 0 0 0 0 0 0 0 0 0 0 0 0 0 0 0 0 0 0 0 0 0 0 0 0 0 0 0 0 0 0 0 0 0 0 8 0 0 0 0 0 0 8 0 0 0 0 0 8 0 0 0 0 0 8 0 0 0 0 0 0 0 0 0 0 0 0 0 0 0 0 0 8 0 0 0 0 0 0 0 0 0 0 8 0 8 8 8 8 8 8 8 8 8 8 0 8 8 8 8 
17:/usr/share/lua/5.4/luassert/init.lua
8 0 8 8 8 0 0 8 8 8 8 8 0 0 8 0 8 
3:/usr/share/lua/5.4/luassert/matchers/init.lua
0 8 8 
65:/usr/share/lua/5.4/say/init.lua
8 0 8 8 0 0 8 0 8 8 8 0 0 16 16 0 0 24 0 0 8 8 8 0 16 0 0 256 264 0 0 8 0 0 0 0 0 0 0 0 0 0 0 0 0 0 0 0 0 0 0 0 8 0 0 0 8 0 0 8 8 0 8 0 8 
21:/usr/share/lua/5.4/term/init.lua
0 0 0 0 0 0 0 0 0 0 0 0 0 0 0 0 0 0 0 0 8 
